// Jest Snapshot v1, https://goo.gl/fbAQLP

exports[`Hello should render correctly 1`] = `
<h1>
  Hello from 
  Typescript
   and 
  React
  !
</h1>
`;
